../Core/Src/main.c:81:6:Set_LED	24	static
../Core/Src/main.c:89:6:HAL_TIM_PWM_PulseFinishedCallback	16	static
../Core/Src/main.c:97:6:WS2812_Send	32	static
../Core/Src/main.c:131:6:toggleLED	32	static
../Core/Src/main.c:184:5:main	16	static
../Core/Src/main.c:264:6:SystemClock_Config	88	static
../Core/Src/main.c:308:13:MX_TIM1_Init	120	static
../Core/Src/main.c:394:13:MX_USART2_UART_Init	8	static
../Core/Src/main.c:430:13:MX_GPIO_Init	48	static
../Core/Src/main.c:476:6:HAL_UART_RxCpltCallback	24	static
../Core/Src/main.c:549:6:Error_Handler	8	static,ignoring_inline_asm
