../Core/Src/main.c:77:6:Set_LED	24	static
../Core/Src/main.c:85:6:HAL_TIM_PWM_PulseFinishedCallback	16	static
../Core/Src/main.c:93:6:WS2812_Send	32	static
../Core/Src/main.c:127:6:toggleLED	32	static
../Core/Src/main.c:180:5:main	16	static
../Core/Src/main.c:260:6:SystemClock_Config	88	static
../Core/Src/main.c:304:13:MX_TIM1_Init	120	static
../Core/Src/main.c:390:13:MX_USART2_UART_Init	8	static
../Core/Src/main.c:426:13:MX_GPIO_Init	48	static
../Core/Src/main.c:472:6:HAL_UART_RxCpltCallback	24	static
../Core/Src/main.c:526:6:Error_Handler	8	static,ignoring_inline_asm
